// Jest Snapshot v1, https://goo.gl/fbAQLP

exports[`<Turn /> render renders properly 1`] = `
Array [
  <span
    className="white"
  >
    Current Turn: 
    0
  </span>,
  <button
    disabled={false}
    onClick={[Function]}
    type="button"
  >
    Play
  </button>,
]
`;
