// Jest Snapshot v1, https://goo.gl/fbAQLP

exports[`<ReturnTiles /> render renders properly 1`] = `
<button
  onClick={[Function]}
>
  Return Tiles
</button>
`;
