// Jest Snapshot v1, https://goo.gl/fbAQLP

exports[`<Controls /> renders correctly 1`] = `
<div>
  <button
    id="controls"
    onClick={[Function]}
    type="button"
  >
    Play
  </button>
</div>
`;
